DPDK_17.02 {
	global:

        dpaa2_affine_qbman_swp;
        dpbp_disable;
        dpbp_enable;
        dpbp_get_attributes;
        dpbp_open;
        dpbp_reset;
        dpio_close;
        dpio_disable;
        dpio_enable;
        dpio_get_attributes;
        dpio_open;
        dpio_reset;
        dpio_set_stashing_destination;
        dpni_close;
        dpni_disable;
        dpni_enable;
        dpni_get_attributes;
        dpni_get_link_state;
        dpni_get_primary_mac_addr;
        dpni_get_qdid;
        dpni_get_queue;
        dpni_get_statistics;
        dpni_open;
        dpni_prepare_key_cfg;
        dpni_reset;
        dpni_reset_statistics;
        dpni_set_buffer_layout;
        dpni_set_errors_behavior;
        dpni_set_max_frame_length;
        dpni_set_offload;
        dpni_set_pools;
        dpni_set_queue;
        dpni_set_rx_tc_dist;
        dpni_set_tx_confirmation_mode;
        dpni_set_unicast_promisc;
        dpseci_close;
        dpseci_disable;
        dpseci_enable;
        dpseci_get_attributes;
        dpseci_get_rx_queue;
        dpseci_get_sec_counters;
        dpseci_get_tx_queue;
        dpseci_open;
        dpseci_reset;
        dpseci_set_rx_queue;
        per_lcore__dpaa2_io;
        rte_fslmc_driver_register;
        rte_fslmc_driver_unregister;
        rte_mcp_ptr_list;

	local: *;
};
